This is pdfTeX, Version 3.141592653-2.6-1.40.27 (TeX Live 2025/nixos.org) (preloaded format=pdflatex 1980.1.1)  6 DEC 2025 18:35
entering extended mode
 restricted \write18 enabled.
 %&-line parsing enabled.
**phys616_project.tex
(./phys616_project.tex
LaTeX2e <2025-06-01> patch level 1
L3 programming layer <2025-06-09>

(/nix/store/a27vgxqj8h7cazp5bqkzkacvc603qxdx-texlive-combined-full-2025.2025070
3-texmfdist/tex/latex/base/article.cls
Document Class: article 2025/01/22 v1.4n Standard LaTeX document class

(/nix/store/a27vgxqj8h7cazp5bqkzkacvc603qxdx-texlive-combined-full-2025.2025070
3-texmfdist/tex/latex/base/size11.clo
File: size11.clo 2025/01/22 v1.4n Standard LaTeX file (size option)
)
\c@part=\count275
\c@section=\count276
\c@subsection=\count277
\c@subsubsection=\count278
\c@paragraph=\count279
\c@subparagraph=\count280
\c@figure=\count281
\c@table=\count282
\abovecaptionskip=\skip49
\belowcaptionskip=\skip50
\bibindent=\dimen148
)
(/nix/store/a27vgxqj8h7cazp5bqkzkacvc603qxdx-texlive-combined-full-2025.2025070
3-texmfdist/tex/latex/base/inputenc.sty
Package: inputenc 2024/02/08 v1.3d Input encoding file
\inpenc@prehook=\toks17
\inpenc@posthook=\toks18
)
(/nix/store/a27vgxqj8h7cazp5bqkzkacvc603qxdx-texlive-combined-full-2025.2025070
3-texmfdist/tex/latex/geometry/geometry.sty
Package: geometry 2020/01/02 v5.9 Page Geometry

(/nix/store/a27vgxqj8h7cazp5bqkzkacvc603qxdx-texlive-combined-full-2025.2025070
3-texmfdist/tex/latex/graphics/keyval.sty
Package: keyval 2022/05/29 v1.15 key=value parser (DPC)
\KV@toks@=\toks19
)
(/nix/store/a27vgxqj8h7cazp5bqkzkacvc603qxdx-texlive-combined-full-2025.2025070
3-texmfdist/tex/generic/iftex/ifvtex.sty
Package: ifvtex 2019/10/25 v1.7 ifvtex legacy package. Use iftex instead.

(/nix/store/a27vgxqj8h7cazp5bqkzkacvc603qxdx-texlive-combined-full-2025.2025070
3-texmfdist/tex/generic/iftex/iftex.sty
Package: iftex 2024/12/12 v1.0g TeX engine tests
))
\Gm@cnth=\count283
\Gm@cntv=\count284
\c@Gm@tempcnt=\count285
\Gm@bindingoffset=\dimen149
\Gm@wd@mp=\dimen150
\Gm@odd@mp=\dimen151
\Gm@even@mp=\dimen152
\Gm@layoutwidth=\dimen153
\Gm@layoutheight=\dimen154
\Gm@layouthoffset=\dimen155
\Gm@layoutvoffset=\dimen156
\Gm@dimlist=\toks20
)
(/nix/store/a27vgxqj8h7cazp5bqkzkacvc603qxdx-texlive-combined-full-2025.2025070
3-texmfdist/tex/latex/amsmath/amsmath.sty
Package: amsmath 2025/06/16 v2.17y AMS math features
\@mathmargin=\skip51

For additional information on amsmath, use the `?' option.

(/nix/store/a27vgxqj8h7cazp5bqkzkacvc603qxdx-texlive-combined-full-2025.2025070
3-texmfdist/tex/latex/amsmath/amstext.sty
Package: amstext 2024/11/17 v2.01 AMS text

(/nix/store/a27vgxqj8h7cazp5bqkzkacvc603qxdx-texlive-combined-full-2025.2025070
3-texmfdist/tex/latex/amsmath/amsgen.sty
File: amsgen.sty 1999/11/30 v2.0 generic functions
\@emptytoks=\toks21
\ex@=\dimen157
))
(/nix/store/a27vgxqj8h7cazp5bqkzkacvc603qxdx-texlive-combined-full-2025.2025070
3-texmfdist/tex/latex/amsmath/amsbsy.sty
Package: amsbsy 1999/11/29 v1.2d Bold Symbols
\pmbraise@=\dimen158
)
(/nix/store/a27vgxqj8h7cazp5bqkzkacvc603qxdx-texlive-combined-full-2025.2025070
3-texmfdist/tex/latex/amsmath/amsopn.sty
Package: amsopn 2022/04/08 v2.04 operator names
)
\inf@bad=\count286
LaTeX Info: Redefining \frac on input line 233.
\uproot@=\count287
\leftroot@=\count288
LaTeX Info: Redefining \overline on input line 398.
LaTeX Info: Redefining \colon on input line 409.
\classnum@=\count289
\DOTSCASE@=\count290
LaTeX Info: Redefining \ldots on input line 495.
LaTeX Info: Redefining \dots on input line 498.
LaTeX Info: Redefining \cdots on input line 619.
\Mathstrutbox@=\box53
\strutbox@=\box54
LaTeX Info: Redefining \big on input line 721.
LaTeX Info: Redefining \Big on input line 722.
LaTeX Info: Redefining \bigg on input line 723.
LaTeX Info: Redefining \Bigg on input line 724.
\big@size=\dimen159
LaTeX Font Info:    Redeclaring font encoding OML on input line 742.
LaTeX Font Info:    Redeclaring font encoding OMS on input line 743.
\macc@depth=\count291
LaTeX Info: Redefining \bmod on input line 904.
LaTeX Info: Redefining \pmod on input line 909.
LaTeX Info: Redefining \smash on input line 939.
LaTeX Info: Redefining \relbar on input line 969.
LaTeX Info: Redefining \Relbar on input line 970.
\c@MaxMatrixCols=\count292
\dotsspace@=\muskip17
\c@parentequation=\count293
\dspbrk@lvl=\count294
\tag@help=\toks22
\row@=\count295
\column@=\count296
\maxfields@=\count297
\andhelp@=\toks23
\eqnshift@=\dimen160
\alignsep@=\dimen161
\tagshift@=\dimen162
\tagwidth@=\dimen163
\totwidth@=\dimen164
\lineht@=\dimen165
\@envbody=\toks24
\multlinegap=\skip52
\multlinetaggap=\skip53
\mathdisplay@stack=\toks25
LaTeX Info: Redefining \[ on input line 2949.
LaTeX Info: Redefining \] on input line 2950.
)
(/nix/store/a27vgxqj8h7cazp5bqkzkacvc603qxdx-texlive-combined-full-2025.2025070
3-texmfdist/tex/latex/amsfonts/amssymb.sty
Package: amssymb 2013/01/14 v3.01 AMS font symbols

(/nix/store/a27vgxqj8h7cazp5bqkzkacvc603qxdx-texlive-combined-full-2025.2025070
3-texmfdist/tex/latex/amsfonts/amsfonts.sty
Package: amsfonts 2013/01/14 v3.01 Basic AMSFonts support
\symAMSa=\mathgroup4
\symAMSb=\mathgroup5
LaTeX Font Info:    Redeclaring math symbol \hbar on input line 98.
LaTeX Font Info:    Overwriting math alphabet `\mathfrak' in version `bold'
(Font)                  U/euf/m/n --> U/euf/b/n on input line 106.
))
(/nix/store/a27vgxqj8h7cazp5bqkzkacvc603qxdx-texlive-combined-full-2025.2025070
3-texmfdist/tex/latex/graphics/graphicx.sty
Package: graphicx 2024/12/31 v1.2e Enhanced LaTeX Graphics (DPC,SPQR)

(/nix/store/a27vgxqj8h7cazp5bqkzkacvc603qxdx-texlive-combined-full-2025.2025070
3-texmfdist/tex/latex/graphics/graphics.sty
Package: graphics 2024/08/06 v1.4g Standard LaTeX Graphics (DPC,SPQR)

(/nix/store/a27vgxqj8h7cazp5bqkzkacvc603qxdx-texlive-combined-full-2025.2025070
3-texmfdist/tex/latex/graphics/trig.sty
Package: trig 2023/12/02 v1.11 sin cos tan (DPC)
)
(/nix/store/a27vgxqj8h7cazp5bqkzkacvc603qxdx-texlive-combined-full-2025.2025070
3-texmfdist/tex/latex/graphics-cfg/graphics.cfg
File: graphics.cfg 2016/06/04 v1.11 sample graphics configuration
)
Package graphics Info: Driver file: pdftex.def on input line 106.

(/nix/store/a27vgxqj8h7cazp5bqkzkacvc603qxdx-texlive-combined-full-2025.2025070
3-texmfdist/tex/latex/graphics-def/pdftex.def
File: pdftex.def 2024/04/13 v1.2c Graphics/color driver for pdftex
))
\Gin@req@height=\dimen166
\Gin@req@width=\dimen167
)
(/nix/store/a27vgxqj8h7cazp5bqkzkacvc603qxdx-texlive-combined-full-2025.2025070
3-texmfdist/tex/latex/hyperref/hyperref.sty
Package: hyperref 2025-06-21 v7.01n Hypertext links for LaTeX

(/nix/store/a27vgxqj8h7cazp5bqkzkacvc603qxdx-texlive-combined-full-2025.2025070
3-texmfdist/tex/latex/kvsetkeys/kvsetkeys.sty
Package: kvsetkeys 2022-10-05 v1.19 Key value parser (HO)
)
(/nix/store/a27vgxqj8h7cazp5bqkzkacvc603qxdx-texlive-combined-full-2025.2025070
3-texmfdist/tex/generic/kvdefinekeys/kvdefinekeys.sty
Package: kvdefinekeys 2019-12-19 v1.6 Define keys (HO)
)
(/nix/store/a27vgxqj8h7cazp5bqkzkacvc603qxdx-texlive-combined-full-2025.2025070
3-texmfdist/tex/generic/pdfescape/pdfescape.sty
Package: pdfescape 2019/12/09 v1.15 Implements pdfTeX's escape features (HO)

(/nix/store/a27vgxqj8h7cazp5bqkzkacvc603qxdx-texlive-combined-full-2025.2025070
3-texmfdist/tex/generic/ltxcmds/ltxcmds.sty
Package: ltxcmds 2023-12-04 v1.26 LaTeX kernel commands for general use (HO)
)
(/nix/store/a27vgxqj8h7cazp5bqkzkacvc603qxdx-texlive-combined-full-2025.2025070
3-texmfdist/tex/generic/pdftexcmds/pdftexcmds.sty
Package: pdftexcmds 2020-06-27 v0.33 Utility functions of pdfTeX for LuaTeX (HO
)

(/nix/store/a27vgxqj8h7cazp5bqkzkacvc603qxdx-texlive-combined-full-2025.2025070
3-texmfdist/tex/generic/infwarerr/infwarerr.sty
Package: infwarerr 2019/12/03 v1.5 Providing info/warning/error messages (HO)
)
Package pdftexcmds Info: \pdf@primitive is available.
Package pdftexcmds Info: \pdf@ifprimitive is available.
Package pdftexcmds Info: \pdfdraftmode found.
))
(/nix/store/a27vgxqj8h7cazp5bqkzkacvc603qxdx-texlive-combined-full-2025.2025070
3-texmfdist/tex/latex/hycolor/hycolor.sty
Package: hycolor 2020-01-27 v1.10 Color options for hyperref/bookmark (HO)
)
(/nix/store/a27vgxqj8h7cazp5bqkzkacvc603qxdx-texlive-combined-full-2025.2025070
3-texmfdist/tex/latex/hyperref/nameref.sty
Package: nameref 2025-06-21 v2.57 Cross-referencing by name of section

(/nix/store/a27vgxqj8h7cazp5bqkzkacvc603qxdx-texlive-combined-full-2025.2025070
3-texmfdist/tex/latex/refcount/refcount.sty
Package: refcount 2019/12/15 v3.6 Data extraction from label references (HO)
)
(/nix/store/a27vgxqj8h7cazp5bqkzkacvc603qxdx-texlive-combined-full-2025.2025070
3-texmfdist/tex/generic/gettitlestring/gettitlestring.sty
Package: gettitlestring 2019/12/15 v1.6 Cleanup title references (HO)

(/nix/store/a27vgxqj8h7cazp5bqkzkacvc603qxdx-texlive-combined-full-2025.2025070
3-texmfdist/tex/latex/kvoptions/kvoptions.sty
Package: kvoptions 2022-06-15 v3.15 Key value format for package options (HO)
))
\c@section@level=\count298
)
(/nix/store/a27vgxqj8h7cazp5bqkzkacvc603qxdx-texlive-combined-full-2025.2025070
3-texmfdist/tex/latex/etoolbox/etoolbox.sty
Package: etoolbox 2025/02/11 v2.5l e-TeX tools for LaTeX (JAW)
\etb@tempcnta=\count299
)
(/nix/store/a27vgxqj8h7cazp5bqkzkacvc603qxdx-texlive-combined-full-2025.2025070
3-texmfdist/tex/generic/stringenc/stringenc.sty
Package: stringenc 2019/11/29 v1.12 Convert strings between diff. encodings (HO
)
)
\@linkdim=\dimen168
\Hy@linkcounter=\count300
\Hy@pagecounter=\count301

(/nix/store/a27vgxqj8h7cazp5bqkzkacvc603qxdx-texlive-combined-full-2025.2025070
3-texmfdist/tex/latex/hyperref/pd1enc.def
File: pd1enc.def 2025-06-21 v7.01n Hyperref: PDFDocEncoding definition (HO)
Now handling font encoding PD1 ...
... no UTF-8 mapping file for font encoding PD1
)
(/nix/store/a27vgxqj8h7cazp5bqkzkacvc603qxdx-texlive-combined-full-2025.2025070
3-texmfdist/tex/generic/intcalc/intcalc.sty
Package: intcalc 2019/12/15 v1.3 Expandable calculations with integers (HO)
)
\Hy@SavedSpaceFactor=\count302

(/nix/store/a27vgxqj8h7cazp5bqkzkacvc603qxdx-texlive-combined-full-2025.2025070
3-texmfdist/tex/latex/hyperref/puenc.def
File: puenc.def 2025-06-21 v7.01n Hyperref: PDF Unicode definition (HO)
Now handling font encoding PU ...
... no UTF-8 mapping file for font encoding PU
)
Package hyperref Info: Hyper figures OFF on input line 4181.
Package hyperref Info: Link nesting OFF on input line 4186.
Package hyperref Info: Hyper index ON on input line 4189.
Package hyperref Info: Plain pages OFF on input line 4196.
Package hyperref Info: Backreferencing OFF on input line 4201.
Package hyperref Info: Implicit mode ON; LaTeX internals redefined.
Package hyperref Info: Bookmarks ON on input line 4448.
\c@Hy@tempcnt=\count303

(/nix/store/a27vgxqj8h7cazp5bqkzkacvc603qxdx-texlive-combined-full-2025.2025070
3-texmfdist/tex/latex/url/url.sty
\Urlmuskip=\muskip18
Package: url 2013/09/16  ver 3.4  Verb mode for urls, etc.
)
LaTeX Info: Redefining \url on input line 4787.
\XeTeXLinkMargin=\dimen169

(/nix/store/a27vgxqj8h7cazp5bqkzkacvc603qxdx-texlive-combined-full-2025.2025070
3-texmfdist/tex/generic/bitset/bitset.sty
Package: bitset 2019/12/09 v1.3 Handle bit-vector datatype (HO)

(/nix/store/a27vgxqj8h7cazp5bqkzkacvc603qxdx-texlive-combined-full-2025.2025070
3-texmfdist/tex/generic/bigintcalc/bigintcalc.sty
Package: bigintcalc 2019/12/15 v1.5 Expandable calculations on big integers (HO
)
))
\Fld@menulength=\count304
\Field@Width=\dimen170
\Fld@charsize=\dimen171
Package hyperref Info: Hyper figures OFF on input line 6066.
Package hyperref Info: Link nesting OFF on input line 6071.
Package hyperref Info: Hyper index ON on input line 6074.
Package hyperref Info: backreferencing OFF on input line 6081.
Package hyperref Info: Link coloring OFF on input line 6086.
Package hyperref Info: Link coloring with OCG OFF on input line 6091.
Package hyperref Info: PDF/A mode OFF on input line 6096.
\Hy@abspage=\count305
\c@Item=\count306
\c@Hfootnote=\count307
)
Package hyperref Info: Driver (autodetected): hpdftex.

(/nix/store/a27vgxqj8h7cazp5bqkzkacvc603qxdx-texlive-combined-full-2025.2025070
3-texmfdist/tex/latex/hyperref/hpdftex.def
File: hpdftex.def 2025-06-21 v7.01n Hyperref driver for pdfTeX
\Fld@listcount=\count308
\c@bookmark@seq@number=\count309

(/nix/store/a27vgxqj8h7cazp5bqkzkacvc603qxdx-texlive-combined-full-2025.2025070
3-texmfdist/tex/latex/rerunfilecheck/rerunfilecheck.sty
Package: rerunfilecheck 2025-06-21 v1.11 Rerun checks for auxiliary files (HO)

(/nix/store/a27vgxqj8h7cazp5bqkzkacvc603qxdx-texlive-combined-full-2025.2025070
3-texmfdist/tex/generic/uniquecounter/uniquecounter.sty
Package: uniquecounter 2019/12/15 v1.4 Provide unlimited unique counter (HO)
)
Package uniquecounter Info: New unique counter `rerunfilecheck' on input line 2
84.
)
\Hy@SectionHShift=\skip54
)
(/nix/store/a27vgxqj8h7cazp5bqkzkacvc603qxdx-texlive-combined-full-2025.2025070
3-texmfdist/tex/latex/physics/physics.sty
Package: physics 

(/nix/store/a27vgxqj8h7cazp5bqkzkacvc603qxdx-texlive-combined-full-2025.2025070
3-texmfdist/tex/latex/l3packages/xparse/xparse.sty
(/nix/store/a27vgxqj8h7cazp5bqkzkacvc603qxdx-texlive-combined-full-2025.2025070
3-texmfdist/tex/latex/l3kernel/expl3.sty
Package: expl3 2025-06-09 L3 programming layer (loader) 

(/nix/store/a27vgxqj8h7cazp5bqkzkacvc603qxdx-texlive-combined-full-2025.2025070
3-texmfdist/tex/latex/l3backend/l3backend-pdftex.def
File: l3backend-pdftex.def 2025-06-09 L3 backend support: PDF output (pdfTeX)
\l__color_backend_stack_int=\count310
))
Package: xparse 2024-08-16 L3 Experimental document command parser
))
(/nix/store/a27vgxqj8h7cazp5bqkzkacvc603qxdx-texlive-combined-full-2025.2025070
3-texmfdist/tex/latex/fancyhdr/fancyhdr.sty
Package: fancyhdr 2025/02/07 v5.2 Extensive control of page headers and footers

\f@nch@headwidth=\skip55
\f@nch@offset@elh=\skip56
\f@nch@offset@erh=\skip57
\f@nch@offset@olh=\skip58
\f@nch@offset@orh=\skip59
\f@nch@offset@elf=\skip60
\f@nch@offset@erf=\skip61
\f@nch@offset@olf=\skip62
\f@nch@offset@orf=\skip63
\f@nch@height=\skip64
\f@nch@footalignment=\skip65
\f@nch@widthL=\skip66
\f@nch@widthC=\skip67
\f@nch@widthR=\skip68
\@temptokenb=\toks26
)
(/nix/store/a27vgxqj8h7cazp5bqkzkacvc603qxdx-texlive-combined-full-2025.2025070
3-texmfdist/tex/latex/parskip/parskip.sty
Package: parskip 2021-03-14 v2.0h non-zero parskip adjustments
)
(/nix/store/a27vgxqj8h7cazp5bqkzkacvc603qxdx-texlive-combined-full-2025.2025070
3-texmfdist/tex/latex/float/float.sty
Package: float 2001/11/08 v1.3d Float enhancements (AL)
\c@float@type=\count311
\float@exts=\toks27
\float@box=\box55
\@float@everytoks=\toks28
\@floatcapt=\box56
)
(/nix/store/a27vgxqj8h7cazp5bqkzkacvc603qxdx-texlive-combined-full-2025.2025070
3-texmfdist/tex/latex/adjustbox/adjustbox.sty
Package: adjustbox 2025/02/26 v1.3c Adjusting TeX boxes (trim, clip, ...)

(/nix/store/a27vgxqj8h7cazp5bqkzkacvc603qxdx-texlive-combined-full-2025.2025070
3-texmfdist/tex/latex/xkeyval/xkeyval.sty
Package: xkeyval 2022/06/16 v2.9 package option processing (HA)

(/nix/store/a27vgxqj8h7cazp5bqkzkacvc603qxdx-texlive-combined-full-2025.2025070
3-texmfdist/tex/generic/xkeyval/xkeyval.tex
(/nix/store/a27vgxqj8h7cazp5bqkzkacvc603qxdx-texlive-combined-full-2025.2025070
3-texmfdist/tex/generic/xkeyval/xkvutils.tex
\XKV@toks=\toks29
\XKV@tempa@toks=\toks30
)
\XKV@depth=\count312
File: xkeyval.tex 2014/12/03 v2.7a key=value parser (HA)
))
(/nix/store/a27vgxqj8h7cazp5bqkzkacvc603qxdx-texlive-combined-full-2025.2025070
3-texmfdist/tex/latex/adjustbox/adjcalc.sty
Package: adjcalc 2012/05/16 v1.1 Provides advanced setlength with multiple back
-ends (calc, etex, pgfmath)
)
(/nix/store/a27vgxqj8h7cazp5bqkzkacvc603qxdx-texlive-combined-full-2025.2025070
3-texmfdist/tex/latex/adjustbox/trimclip.sty
Package: trimclip 2025/02/21 v1.2a Trim and clip general TeX material

(/nix/store/a27vgxqj8h7cazp5bqkzkacvc603qxdx-texlive-combined-full-2025.2025070
3-texmfdist/tex/latex/collectbox/collectbox.sty
Package: collectbox 2022/10/17 v0.4c Collect macro arguments as boxes
\collectedbox=\box57
)
\tc@llx=\dimen172
\tc@lly=\dimen173
\tc@urx=\dimen174
\tc@ury=\dimen175
Package trimclip Info: Using driver 'tc-pdftex.def'.

(/nix/store/a27vgxqj8h7cazp5bqkzkacvc603qxdx-texlive-combined-full-2025.2025070
3-texmfdist/tex/latex/adjustbox/tc-pdftex.def
File: tc-pdftex.def 2025/02/26 v2.3 Clipping driver for pdftex
))
\adjbox@Width=\dimen176
\adjbox@Height=\dimen177
\adjbox@Depth=\dimen178
\adjbox@Totalheight=\dimen179
\adjbox@pwidth=\dimen180
\adjbox@pheight=\dimen181
\adjbox@pdepth=\dimen182
\adjbox@ptotalheight=\dimen183

(/nix/store/a27vgxqj8h7cazp5bqkzkacvc603qxdx-texlive-combined-full-2025.2025070
3-texmfdist/tex/latex/ifoddpage/ifoddpage.sty
Package: ifoddpage 2022/10/18 v1.2 Conditionals for odd/even page detection
\c@checkoddpage=\count313
)
(/nix/store/a27vgxqj8h7cazp5bqkzkacvc603qxdx-texlive-combined-full-2025.2025070
3-texmfdist/tex/latex/varwidth/varwidth.sty
Package: varwidth 2009/03/30 ver 0.92;  Variable-width minipages
\@vwid@box=\box58
\sift@deathcycles=\count314
\@vwid@loff=\dimen184
\@vwid@roff=\dimen185
)
==> First Aid for varwidth.sty applied!
) (./phys616_project.aux)
\openout1 = `phys616_project.aux'.

LaTeX Font Info:    Checking defaults for OML/cmm/m/it on input line 21.
LaTeX Font Info:    ... okay on input line 21.
LaTeX Font Info:    Checking defaults for OMS/cmsy/m/n on input line 21.
LaTeX Font Info:    ... okay on input line 21.
LaTeX Font Info:    Checking defaults for OT1/cmr/m/n on input line 21.
LaTeX Font Info:    ... okay on input line 21.
LaTeX Font Info:    Checking defaults for T1/cmr/m/n on input line 21.
LaTeX Font Info:    ... okay on input line 21.
LaTeX Font Info:    Checking defaults for TS1/cmr/m/n on input line 21.
LaTeX Font Info:    ... okay on input line 21.
LaTeX Font Info:    Checking defaults for OMX/cmex/m/n on input line 21.
LaTeX Font Info:    ... okay on input line 21.
LaTeX Font Info:    Checking defaults for U/cmr/m/n on input line 21.
LaTeX Font Info:    ... okay on input line 21.
LaTeX Font Info:    Checking defaults for PD1/pdf/m/n on input line 21.
LaTeX Font Info:    ... okay on input line 21.
LaTeX Font Info:    Checking defaults for PU/pdf/m/n on input line 21.
LaTeX Font Info:    ... okay on input line 21.

*geometry* driver: auto-detecting
*geometry* detected driver: pdftex
*geometry* verbose mode - [ preamble ] result:
* driver: pdftex
* paper: letterpaper
* layout: <same size as paper>
* layoutoffset:(h,v)=(0.0pt,0.0pt)
* modes: 
* h-part:(L,W,R)=(72.26999pt, 469.75502pt, 72.26999pt)
* v-part:(T,H,B)=(72.26999pt, 650.43001pt, 72.26999pt)
* \paperwidth=614.295pt
* \paperheight=794.96999pt
* \textwidth=469.75502pt
* \textheight=650.43001pt
* \oddsidemargin=0.0pt
* \evensidemargin=0.0pt
* \topmargin=-37.0pt
* \headheight=12.0pt
* \headsep=25.0pt
* \topskip=11.0pt
* \footskip=30.0pt
* \marginparwidth=59.0pt
* \marginparsep=10.0pt
* \columnsep=10.0pt
* \skip\footins=10.0pt plus 4.0pt minus 2.0pt
* \hoffset=0.0pt
* \voffset=0.0pt
* \mag=1000
* \@twocolumnfalse
* \@twosidefalse
* \@mparswitchfalse
* \@reversemarginfalse
* (1in=72.27pt=25.4mm, 1cm=28.453pt)


(/nix/store/a27vgxqj8h7cazp5bqkzkacvc603qxdx-texlive-combined-full-2025.2025070
3-texmfdist/tex/context/base/mkii/supp-pdf.mkii
[Loading MPS to PDF converter (version 2006.09.02).]
\scratchcounter=\count315
\scratchdimen=\dimen186
\scratchbox=\box59
\nofMPsegments=\count316
\nofMParguments=\count317
\everyMPshowfont=\toks31
\MPscratchCnt=\count318
\MPscratchDim=\dimen187
\MPnumerator=\count319
\makeMPintoPDFobject=\count320
\everyMPtoPDFconversion=\toks32
)
(/nix/store/a27vgxqj8h7cazp5bqkzkacvc603qxdx-texlive-combined-full-2025.2025070
3-texmfdist/tex/latex/epstopdf-pkg/epstopdf-base.sty
Package: epstopdf-base 2020-01-24 v2.11 Base part for package epstopdf
Package epstopdf-base Info: Redefining graphics rule for `.eps' on input line 4
85.

(/nix/store/a27vgxqj8h7cazp5bqkzkacvc603qxdx-texlive-combined-full-2025.2025070
3-texmfdist/tex/latex/latexconfig/epstopdf-sys.cfg
File: epstopdf-sys.cfg 2010/07/13 v1.3 Configuration of (r)epstopdf for TeX Liv
e
))
Package hyperref Info: Link coloring OFF on input line 21.
 (./phys616_project.out)
(./phys616_project.out)
\@outlinefile=\write3
\openout3 = `phys616_project.out'.

LaTeX Font Info:    Trying to load font information for U+msa on input line 24.


(/nix/store/a27vgxqj8h7cazp5bqkzkacvc603qxdx-texlive-combined-full-2025.2025070
3-texmfdist/tex/latex/amsfonts/umsa.fd
File: umsa.fd 2013/01/14 v3.01 AMS symbols A
)
LaTeX Font Info:    Trying to load font information for U+msb on input line 24.


(/nix/store/a27vgxqj8h7cazp5bqkzkacvc603qxdx-texlive-combined-full-2025.2025070
3-texmfdist/tex/latex/amsfonts/umsb.fd
File: umsb.fd 2013/01/14 v3.01 AMS symbols B
) (./phys616_project.toc

[1

{/nix/store/z52g92a35lrh0z22vkal1cywvagy3ibz-texlive-combined-full-2025.2025070
3/share/texmf-var/fonts/map/pdftex/updmap/pdftex.map}])
\tf@toc=\write4
\openout4 = `phys616_project.toc'.



[2]
<membrane_example.excalidraw.png, id=156, 651.43375pt x 414.54875pt>
File: membrane_example.excalidraw.png Graphic file (type png)
<use membrane_example.excalidraw.png>
Package pdftex.def Info: membrane_example.excalidraw.png  used on input line 53
.
(pdftex.def)             Requested size: 281.85587pt x 179.36577pt.


[3
pdfTeX warning (ext4): destination with the same identifier (name{figure.1}) ha
s been already used, duplicate ignored
<argument> ...shipout:D \box_use:N \l_shipout_box 
                                                  \__shipout_drop_firstpage_...
l.62 \end{equation}
                    <./membrane_example.excalidraw.png>]

[4]

[5{/nix/store/a27vgxqj8h7cazp5bqkzkacvc603qxdx-texlive-combined-full-2025.20250
703-texmfdist/fonts/enc/dvips/cm-super/cm-super-ts1.enc}]

[6]

[7]
<normal_modes.pdf, id=222, 1606.0pt x 1606.0pt>
File: normal_modes.pdf Graphic file (type pdf)
<use normal_modes.pdf>
Package pdftex.def Info: normal_modes.pdf  used on input line 253.
(pdftex.def)             Requested size: 375.80544pt x 375.7927pt.


[8
pdfTeX warning (ext4): destination with the same identifier (name{figure.2}) ha
s been already used, duplicate ignored
<argument> ...shipout:D \box_use:N \l_shipout_box 
                                                  \__shipout_drop_firstpage_...
l.265 \end{equation}
                     <./normal_modes.pdf>]
<gaussian_timestrip.pdf, id=280, 903.375pt x 602.25pt>
File: gaussian_timestrip.pdf Graphic file (type pdf)
<use gaussian_timestrip.pdf>
Package pdftex.def Info: gaussian_timestrip.pdf  used on input line 268.
(pdftex.def)             Requested size: 469.75502pt x 313.1718pt.
<offcenter_timestrip.pdf, id=282, 903.375pt x 602.25pt>
File: offcenter_timestrip.pdf Graphic file (type pdf)
<use offcenter_timestrip.pdf>
Package pdftex.def Info: offcenter_timestrip.pdf  used on input line 283.
(pdftex.def)             Requested size: 469.75502pt x 313.1718pt.


[9
pdfTeX warning (ext4): destination with the same identifier (name{figure.3}) ha
s been already used, duplicate ignored
<argument> ...shipout:D \box_use:N \l_shipout_box 
                                                  \__shipout_drop_firstpage_...
l.287 
       <./gaussian_timestrip.pdf>]

Package hyperref Warning: Suppressing link with empty target on input line 288.




[10
pdfTeX warning (ext4): destination with the same identifier (name{figure.4}) ha
s been already used, duplicate ignored
<argument> ...shipout:D \box_use:N \l_shipout_box 
                                                  \__shipout_drop_firstpage_...
l.307 \begin{equation}
                       <./offcenter_timestrip.pdf>]

[11]
<resonances.pdf, id=337, 1204.5pt x 1003.75pt>
File: resonances.pdf Graphic file (type pdf)
<use resonances.pdf>
Package pdftex.def Info: resonances.pdf  used on input line 399.
(pdftex.def)             Requested size: 469.75502pt x 391.46092pt.


[12]

[13
pdfTeX warning (ext4): destination with the same identifier (name{figure.5}) ha
s been already used, duplicate ignored
<argument> ...shipout:D \box_use:N \l_shipout_box 
                                                  \__shipout_drop_firstpage_...
l.422 
       <./resonances.pdf>]
<resonant_drum_timestrip.pdf, id=362, 903.375pt x 1204.5pt>
File: resonant_drum_timestrip.pdf Graphic file (type pdf)
<use resonant_drum_timestrip.pdf>
Package pdftex.def Info: resonant_drum_timestrip.pdf  used on input line 425.
(pdftex.def)             Requested size: 903.3728pt x 1204.49707pt.


[14
pdfTeX warning (ext4): destination with the same identifier (name{figure.6}) ha
s been already used, duplicate ignored
<argument> ...shipout:D \box_use:N \l_shipout_box 
                                                  \__shipout_drop_firstpage_...
l.438     \item \textbf
                       {Non-uniform Tension:} Simulating a drum where tensio...
 <./resonant_drum_timestrip.pdf>]

[15]

[16]

Package hyperref Warning: Token not allowed in a PDF string (Unicode):
(hyperref)                removing `math shift' on input line 535.


Package hyperref Warning: Token not allowed in a PDF string (Unicode):
(hyperref)                removing `subscript' on input line 535.


Package hyperref Warning: Token not allowed in a PDF string (Unicode):
(hyperref)                removing `math shift' on input line 535.



[17]

Package hyperref Warning: Token not allowed in a PDF string (Unicode):
(hyperref)                removing `math shift' on input line 550.


Package hyperref Warning: Token not allowed in a PDF string (Unicode):
(hyperref)                removing `subscript' on input line 550.


Package hyperref Warning: Token not allowed in a PDF string (Unicode):
(hyperref)                removing `math shift' on input line 550.



[18]

[19] (./phys616_project.aux)
 ***********
LaTeX2e <2025-06-01> patch level 1
L3 programming layer <2025-06-09>
 ***********
Package rerunfilecheck Info: File `phys616_project.out' has not changed.
(rerunfilecheck)             Checksum: E4EA9A6F26512E0D97952BBFEFEBC39B;4905.
 ) 
Here is how much of TeX's memory you used:
 12483 strings out of 467888
 200872 string characters out of 5405403
 619047 words of memory out of 5000000
 40744 multiletter control sequences out of 15000+600000
 636460 words of font info for 75 fonts, out of 8000000 for 9000
 1141 hyphenation exceptions out of 8191
 75i,13n,79p,526b,491s stack positions out of 10000i,1000n,20000p,200000b,200000s
</nix/store/a27vgxqj8h7cazp5bqkzkacvc603qxdx-texlive-combined-full-2025.20250
703-texmfdist/fonts/type1/public/amsfonts/cm/cmbx10.pfb></nix/store/a27vgxqj8h7
cazp5bqkzkacvc603qxdx-texlive-combined-full-2025.20250703-texmfdist/fonts/type1
/public/amsfonts/cm/cmbx12.pfb></nix/store/a27vgxqj8h7cazp5bqkzkacvc603qxdx-tex
live-combined-full-2025.20250703-texmfdist/fonts/type1/public/amsfonts/cm/cmex1
0.pfb></nix/store/a27vgxqj8h7cazp5bqkzkacvc603qxdx-texlive-combined-full-2025.2
0250703-texmfdist/fonts/type1/public/amsfonts/cm/cmmi10.pfb></nix/store/a27vgxq
j8h7cazp5bqkzkacvc603qxdx-texlive-combined-full-2025.20250703-texmfdist/fonts/t
ype1/public/amsfonts/cm/cmmi12.pfb></nix/store/a27vgxqj8h7cazp5bqkzkacvc603qxdx
-texlive-combined-full-2025.20250703-texmfdist/fonts/type1/public/amsfonts/cm/c
mmi6.pfb></nix/store/a27vgxqj8h7cazp5bqkzkacvc603qxdx-texlive-combined-full-202
5.20250703-texmfdist/fonts/type1/public/amsfonts/cm/cmmi8.pfb></nix/store/a27vg
xqj8h7cazp5bqkzkacvc603qxdx-texlive-combined-full-2025.20250703-texmfdist/fonts
/type1/public/amsfonts/cm/cmr10.pfb></nix/store/a27vgxqj8h7cazp5bqkzkacvc603qxd
x-texlive-combined-full-2025.20250703-texmfdist/fonts/type1/public/amsfonts/cm/
cmr12.pfb></nix/store/a27vgxqj8h7cazp5bqkzkacvc603qxdx-texlive-combined-full-20
25.20250703-texmfdist/fonts/type1/public/amsfonts/cm/cmr6.pfb></nix/store/a27vg
xqj8h7cazp5bqkzkacvc603qxdx-texlive-combined-full-2025.20250703-texmfdist/fonts
/type1/public/amsfonts/cm/cmr8.pfb></nix/store/a27vgxqj8h7cazp5bqkzkacvc603qxdx
-texlive-combined-full-2025.20250703-texmfdist/fonts/type1/public/amsfonts/cm/c
msy10.pfb></nix/store/a27vgxqj8h7cazp5bqkzkacvc603qxdx-texlive-combined-full-20
25.20250703-texmfdist/fonts/type1/public/amsfonts/cm/cmsy8.pfb></nix/store/a27v
gxqj8h7cazp5bqkzkacvc603qxdx-texlive-combined-full-2025.20250703-texmfdist/font
s/type1/public/amsfonts/cm/cmti10.pfb></nix/store/a27vgxqj8h7cazp5bqkzkacvc603q
xdx-texlive-combined-full-2025.20250703-texmfdist/fonts/type1/public/cm-super/s
frm1095.pfb>
Output written on phys616_project.pdf (19 pages, 3552292 bytes).
PDF statistics:
 529 PDF objects out of 1000 (max. 8388607)
 369 compressed objects within 4 object streams
 126 named destinations out of 1000 (max. 500000)
 247 words of extra memory for PDF output out of 10000 (max. 10000000)

